// Jest Snapshot v1, https://goo.gl/fbAQLP

exports[`VideoPlayer component renders correctly 1`] = `
<div
  className="film-hide"
>
  <video
    className="preview"
    controls={true}
    muted={true}
    src="test"
  />
</div>
`;
