// Jest Snapshot v1, https://goo.gl/fbAQLP

exports[`FilmCard component renders correctly 1`] = `
<article
  className="small-movie-card catalog__movies-card"
  onMouseEnter={[Function]}
  onMouseOut={[MockFunction]}
>
  <div
    className="small-movie-card__image"
  >
    <img
      alt="Robocop"
      height="175"
      src="img/robocop.jpg"
      width="280"
    />
  </div>
  <h3
    className="small-movie-card__title"
    onClick={[MockFunction]}
  >
    <a
      className="small-movie-card__link"
      href="movie-page.html"
    >
      Robocop
    </a>
  </h3>
  <div
    className="film-hide"
  >
    <video
      className="preview"
      controls={true}
      src="test"
    />
  </div>
</article>
`;
